// Jest Snapshot v1, https://goo.gl/fbAQLP

exports[`Board renders the starter board with predictable configuration 1`] = `
<DocumentFragment>
  <table
    class="Board"
  >
    <tbody>
      <tr>
        <td
          class="Cell Cell-lit"
          data-testid="cell-0-0"
        />
        <td
          class="Cell "
          data-testid="cell-0-1"
        />
        <td
          class="Cell Cell-lit"
          data-testid="cell-0-2"
        />
        <td
          class="Cell "
          data-testid="cell-0-3"
        />
        <td
          class="Cell Cell-lit"
          data-testid="cell-0-4"
        />
      </tr>
      <tr>
        <td
          class="Cell "
          data-testid="cell-1-0"
        />
        <td
          class="Cell Cell-lit"
          data-testid="cell-1-1"
        />
        <td
          class="Cell "
          data-testid="cell-1-2"
        />
        <td
          class="Cell Cell-lit"
          data-testid="cell-1-3"
        />
        <td
          class="Cell "
          data-testid="cell-1-4"
        />
      </tr>
      <tr>
        <td
          class="Cell Cell-lit"
          data-testid="cell-2-0"
        />
        <td
          class="Cell "
          data-testid="cell-2-1"
        />
        <td
          class="Cell Cell-lit"
          data-testid="cell-2-2"
        />
        <td
          class="Cell "
          data-testid="cell-2-3"
        />
        <td
          class="Cell Cell-lit"
          data-testid="cell-2-4"
        />
      </tr>
      <tr>
        <td
          class="Cell "
          data-testid="cell-3-0"
        />
        <td
          class="Cell Cell-lit"
          data-testid="cell-3-1"
        />
        <td
          class="Cell "
          data-testid="cell-3-2"
        />
        <td
          class="Cell Cell-lit"
          data-testid="cell-3-3"
        />
        <td
          class="Cell "
          data-testid="cell-3-4"
        />
      </tr>
      <tr>
        <td
          class="Cell Cell-lit"
          data-testid="cell-4-0"
        />
        <td
          class="Cell "
          data-testid="cell-4-1"
        />
        <td
          class="Cell Cell-lit"
          data-testid="cell-4-2"
        />
        <td
          class="Cell "
          data-testid="cell-4-3"
        />
        <td
          class="Cell Cell-lit"
          data-testid="cell-4-4"
        />
      </tr>
    </tbody>
  </table>
</DocumentFragment>
`;
